// Jest Snapshot v1, https://goo.gl/fbAQLP

exports[`within usersSelectors the selectors match their snapshots for the includedSourceUsersSelector 1`] = `
Array [
  Object {
    "email": "mary@testarossa.com",
    "entryCount": 0,
    "id": "6002",
    "isActive": true,
    "isAdmin": null,
    "isIncluded": true,
    "linkedId": null,
    "memberOf": "users",
    "name": "Mary Testarossa",
    "userGroupIds": Array [],
    "workspaceId": null,
  },
]
`;

exports[`within usersSelectors the selectors match their snapshots for the sourceUserEmailsByWorkspaceIdSelector 1`] = `
Object {
  "clock-workspace-01": Array [
    "test-user@test.com",
  ],
}
`;

exports[`within usersSelectors the selectors match their snapshots for the sourceUsersForTransferSelector 1`] = `
Array [
  Object {
    "email": "mary@testarossa.com",
    "entryCount": 0,
    "id": "6002",
    "isActive": true,
    "isAdmin": null,
    "isIncluded": true,
    "linkedId": null,
    "memberOf": "users",
    "name": "Mary Testarossa",
    "userGroupIds": Array [],
    "workspaceId": null,
  },
]
`;

exports[`within usersSelectors the selectors match their snapshots for the userIdToLinkedIdSelector 1`] = `
Object {
  "6001": "clock-user-01",
  "clock-user-01": "6001",
}
`;
