// Jest Snapshot v1, https://goo.gl/fbAQLP

exports[`within workspacesSelectors the selectors match their snapshots for the includedSourceWorkspaceIdsSelector 1`] = `
Array [
  "1001",
]
`;

exports[`within workspacesSelectors the selectors match their snapshots for the includedSourceWorkspacesSelector 1`] = `
Array [
  Object {
    "entryCount": 20,
    "id": "1001",
    "isAdmin": true,
    "isIncluded": true,
    "linkedId": "clock-workspace-01",
    "memberOf": "workspaces",
    "name": "Test Workspace",
    "userIds": Array [
      "6001",
    ],
    "workspaceId": "1001",
  },
]
`;

exports[`within workspacesSelectors the selectors match their snapshots for the includedWorkspaceIdsByMappingSelector 1`] = `
Object {
  "source": Array [
    "1001",
  ],
  "target": Array [
    "clock-workspace-01",
  ],
}
`;

exports[`within workspacesSelectors the selectors match their snapshots for the missingTargetWorkspacesSelector 1`] = `Array []`;

exports[`within workspacesSelectors the selectors match their snapshots for the sourceWorkspacesForTransferSelector 1`] = `
Array [
  Object {
    "entryCount": 20,
    "id": "1001",
    "isAdmin": true,
    "isIncluded": true,
    "linkedId": "clock-workspace-01",
    "memberOf": "workspaces",
    "name": "Test Workspace",
    "userIds": Array [
      "6001",
    ],
    "workspaceId": "1001",
  },
]
`;

exports[`within workspacesSelectors the selectors match their snapshots for the workspaceIdToLinkedIdSelector 1`] = `
Object {
  "1001": "clock-workspace-01",
  "clock-workspace-01": "1001",
}
`;
