// Jest Snapshot v1, https://goo.gl/fbAQLP

exports[`the <IconLink> component matches its snapshot with valid props 1`] = `
.emotion-1 {
  display: block;
  overflow: hidden;
  white-space: nowrap;
  width: 24px;
  height: 24px;
}

.emotion-1:hover path {
  fill: #840F1C;
}

.emotion-0 {
  fill: rgb(165,19,35);
}

<a
  class="emotion-1"
  color="ruby"
>
  <svg
    aria-describedby="icon-heart-desc"
    aria-labelledby="icon-heart-title"
    height="24"
    role="presentation"
    version="1.1"
    viewBox="0 0 1792 1536"
    width="24"
  >
    <title
      id="icon-heart-title"
    >
      Heart Icon
    </title>
    <desc
      id="icon-heart-desc"
    >
      A filled-in heart (the cartoon kind, not one with ventricles).
    </desc>
    <path
      class="emotion-0"
      d="M896 1536q-26 0-44-18L228 916q-10-8-27.5-26 T145 824.5 77 727 23.5 606 0468q0-220 127-344T478 0 q62 0 126.5 21.5t120 58T820 148t76 68q36-36 76-68t95.5-68.5 120-58T1314 0q224 0 351 124t127 344 q0 221-229 450l-623600q-18 18-44 18z"
      data-testid="svg-icon-path"
    />
  </svg>
</a>
`;
