// Jest Snapshot v1, https://goo.gl/fbAQLP

exports[`the <InclusionsTableBody> component matches its snapshot with valid props 1`] = `
.emotion-0 td {
  color: rgb(136,136,136);
  -webkit-text-decoration: line-through;
  text-decoration: line-through;
}

<tbody>
  <tr
    class="emotion-0"
  >
    <td>
      Test Client A
    </td>
    <td>
      3
    </td>
    <td>
      1
    </td>
    <td
      data-include="true"
    >
      <input
        disabled=""
        type="checkbox"
      />
    </td>
  </tr>
  <tr
    class="emotion-0"
  >
    <td>
      Test Client B
    </td>
    <td>
      3
    </td>
    <td>
      1
    </td>
    <td
      data-include="true"
    >
      <input
        disabled=""
        type="checkbox"
      />
    </td>
  </tr>
</tbody>
`;
