// Jest Snapshot v1, https://goo.gl/fbAQLP

exports[`the <InclusionsTable> component matches its snapshot with valid props 1`] = `
.emotion-0 {
  border-spacing: 0;
  table-layout: fixed;
  width: 100%;
  border: 1px solid rgb(30,120,161);
}

.emotion-0 td,
.emotion-0 th {
  padding: 0.5rem;
}

.emotion-0 thead th,
.emotion-0 td {
  text-align: left;
}

.emotion-0 thead tr:first-of-type th {
  border-top: none;
}

.emotion-0 [data-include='true'] {
  border-right: none;
  text-align: center;
  width: 6rem;
}

.emotion-0 tfoot td:last-of-type {
  border-right: none;
}

.emotion-0 tbody tr:first-of-type td {
  border-top: none;
}

.emotion-0 th,
.emotion-0 tfoot td {
  background: rgb(30,120,161);
  border-right: 1px solid rgb(255,255,255);
  color: rgb(255,255,255);
  font-weight: 600;
}

.emotion-0 thead th {
  border-bottom: 1px solid rgb(255,255,255);
}

.emotion-0 tbody td {
  background: rgb(255,255,255);
  border-right: 1px solid rgb(30,120,161);
  border-top: 1px solid rgb(30,120,161);
}

.emotion-0 tbody tr:last-of-type td {
  border-bottom: 1px solid rgb(255,255,255);
}

@media (max-width:32rem) {
  .emotion-0 td,
  .emotion-0 th {
    font-size: 0.875rem;
    padding: 0.375rem;
  }

  .emotion-0 [data-include='true'] {
    width: 4.25rem;
  }
}

<table
  class="emotion-0"
  role="grid"
/>
`;
