// Jest Snapshot v1, https://goo.gl/fbAQLP

exports[`the <InclusionsTableTitle> component matches its snapshot with valid props 1`] = `
.emotion-1 {
  display: -webkit-box;
  display: -webkit-flex;
  display: -ms-flexbox;
  display: flex;
  -webkit-align-items: center;
  -webkit-box-align: center;
  -ms-flex-align: center;
  align-items: center;
  -webkit-box-pack: justify;
  -webkit-justify-content: space-between;
  -ms-flex-pack: justify;
  justify-content: space-between;
}

.emotion-1 button {
  border-radius: 0.25rem;
  font-size: 0.875rem;
  padding: 0.25rem 0.5rem;
}

.emotion-1 button {
  font-weight: 600;
}

.emotion-0 {
  border-radius: 0.375rem;
  font-size: 1.25rem;
  font-weight: 400;
  padding: 0.5rem 0.75rem;
  text-align: center;
  -webkit-transition: 0.3s all linear;
  transition: 0.3s all linear;
  vertical-align: middle;
  box-shadow: 0 1px 3px 0 rgba(0,0,0,0.2), 0 1px 1px 0 rgba(0,0,0,0.14), 0 2px 1px -1px rgba(0,0,0,0.12);
  background: #EFFDE8;
  border: 3px solid #1E78A1;
  color: #1E78A1;
  opacity: 1;
}

.emotion-0:hover {
  background: #EFFDE8;
  -webkit-text-decoration: underline;
  text-decoration: underline;
}

.emotion-0:focus {
  outline-color: rgb(30,120,161);
}

<div
  class="emotion-1"
>
  <h4>
    Test Title
  </h4>
  <button
    aria-disabled="false"
    class="emotion-0"
    type="button"
  >
    Include All/None
  </button>
</div>
`;
