// Jest Snapshot v1, https://goo.gl/fbAQLP

exports[`the <NoRecordsFound> component matches its snapshot with valid props 1`] = `
.emotion-0 {
  font-size: 1.25rem;
  font-weight: 600;
  padding: 3rem 0;
  text-align: center;
}

<div
  class="emotion-0"
>
  No records found!
</div>
`;
