// Jest Snapshot v1, https://goo.gl/fbAQLP

exports[`the <Toggle> component matches its snapshot when props.isToggled = false 1`] = `
.emotion-1 {
  border: none;
  border-radius: 2rem;
  display: inline-block;
  height: 2rem;
  width: 4.5rem;
  overflow: hidden;
  position: relative;
  -webkit-transition: background 0.1s ease-in-out;
  transition: background 0.1s ease-in-out;
  box-shadow: 0 1px 5px 0 rgba(0,0,0,0.2), 0 2px 2px 0 rgba(0,0,0,0.14), 0 3px 1px -2px rgba(0,0,0,0.12);
}

.emotion-0 {
  border-radius: 50%;
  display: inline-block;
  pointer-events: none;
  position: absolute;
  text-transform: uppercase;
  -webkit-transition: 0.4s;
  transition: 0.4s;
  background: rgb(88,88,88);
  box-shadow: 0 1px 5px 0 rgba(0,0,0,0.2), 0 2px 2px 0 rgba(0,0,0,0.14), 0 3px 1px -2px rgba(0,0,0,0.12);
  font-size: 1rem;
  font-weight: 600;
  left: 0.225rem;
  top: 0.2rem;
  height: 1.6rem;
  width: 1.6rem;
}

.emotion-0::before,
.emotion-0::after {
  display: block;
  position: absolute;
}

.emotion-0::before,
.emotion-0::after {
  color: rgb(30,120,161);
  line-height: 1.7rem;
}

.emotion-0::after {
  content: "NO";
  right: -2.1375rem;
}

<button
  aria-checked="false"
  class="emotion-1"
  role="switch"
>
  <span
    class="emotion-0"
  />
</button>
`;

exports[`the <Toggle> component matches its snapshot when props.isToggled = true 1`] = `
.emotion-1 {
  border: none;
  border-radius: 2rem;
  display: inline-block;
  height: 2rem;
  width: 4.5rem;
  overflow: hidden;
  position: relative;
  -webkit-transition: background 0.1s ease-in-out;
  transition: background 0.1s ease-in-out;
  box-shadow: 0 1px 5px 0 rgba(0,0,0,0.2), 0 2px 2px 0 rgba(0,0,0,0.14), 0 3px 1px -2px rgba(0,0,0,0.12);
}

.emotion-0 {
  border-radius: 50%;
  display: inline-block;
  pointer-events: none;
  position: absolute;
  text-transform: uppercase;
  -webkit-transition: 0.4s;
  transition: 0.4s;
  background: rgb(30,120,161);
  box-shadow: 0 1px 5px 0 rgba(0,0,0,0.2), 0 2px 2px 0 rgba(0,0,0,0.14), 0 3px 1px -2px rgba(0,0,0,0.12);
  font-size: 1rem;
  font-weight: 600;
  left: 2.75rem;
  top: 0.2rem;
  height: 1.6rem;
  width: 1.6rem;
}

.emotion-0::before,
.emotion-0::after {
  display: block;
  position: absolute;
}

.emotion-0::before,
.emotion-0::after {
  color: rgb(30,120,161);
  line-height: 1.7rem;
}

.emotion-0::before {
  content: "YES";
  left: -2.25rem;
}

<button
  aria-checked="true"
  class="emotion-1"
  role="switch"
>
  <span
    class="emotion-0"
  />
</button>
`;
