// Jest Snapshot v1, https://goo.gl/fbAQLP

exports[`the <VisuallyHidden> component matches its snapshot with valid props 1`] = `
.emotion-0 {
  border: 0;
  -webkit-clip: rect(0 0 0 0);
  clip: rect(0 0 0 0);
  height: 1px;
  margin: -1px;
  overflow: hidden;
  padding: 0;
  position: absolute;
  white-space: nowrap;
  width: 1px;
}

<h2
  class="emotion-0"
/>
`;
